// Jest Snapshot v1, https://goo.gl/fbAQLP

exports[`Franquicias Disponibles Page Should_RenderFranquiciasDisponiblesPageCorrectly 1`] = `undefined`;
