// Jest Snapshot v1, https://goo.gl/fbAQLP

exports[`Index Page Should_RenderIndexPageCorrectly 1`] = `undefined`;
