// Jest Snapshot v1, https://goo.gl/fbAQLP

exports[`Header Should_RenderHeaderCorrectly 1`] = `
<div>
  <nav
    aria-label="main navigation"
    class="navbar is-link"
    role="navigation"
  >
    <div
      class="navbar-brand"
    >
      <a
        class="navbar-item"
        href="/"
      >
        <header
          class="title is-4 has-text-light has-text-weight-light"
        >
          Expofranquicias Ecuador
        </header>
      </a>
      <div
        class="navbar-burger burger"
      >
        <span />
        <span />
        <span />
      </div>
    </div>
    <div
      class="navbar-menu"
    >
      <div
        class="navbar-start"
      />
      <div
        class="navbar-end"
      >
        <a
          class="navbar-item is-size-6"
          href="/"
        >
          <p>
            Inicio
          </p>
        </a>
        <a
          class="navbar-item is-size-6"
          href="/franquicias-disponibles"
        >
          <span
            class="icon"
          >
            <i
              class="fas fa-briefcase"
            />
          </span>
          <span>
            Â 
          </span>
          <span>
            Franquicias Disponibles
          </span>
        </a>
        <a
          class="navbar-item is-size-6"
          href="/contacto"
        >
          Contacto
        </a>
      </div>
    </div>
  </nav>
</div>
`;
